// Jest Snapshot v1, https://goo.gl/fbAQLP

exports[`NewList has a valid snapshot 1`] = `
<div
  className="interactions"
>
  <form
    onSubmit={[Function]}
  >
    <input
      onChange={[Function]}
      type="text"
      value="redux"
    />
    <button
      type="submit"
    >
      Search
    </button>
  </form>
  <div
    className="table"
  />
  <div
    className="interactions"
  >
    <div>
      Loading ...
    </div>
  </div>
</div>
`;
